apples                              4.97
  1.99 * 2.500
apples                              2.98
  1.99 * 1.500
apples                              5.97
  1.99 * 3.000

Total:                             13.93
