toothbrush                          2.97
  0.99 * 3
2 for 10(toothbrush)                8.02

Total:                             10.99
